>>> a
DebugPrint: 0xec4080c82d1: [JS_OBJECT_TYPE]
 - map: 0x0ec40828702d <Map(HOLEY_ELEMENTS)> [FastProperties]
 - prototype: 0x0ec4080c824d <Object map = 0xec408287005>
 - elements: 0x0ec4080426e5 <FixedArray[0]> [HOLEY_ELEMENTS]
 - properties: 0x0ec4080426e5 <FixedArray[0]> {
    0xec40825201d: [String] in OldSpace: #x: 1 (const data field 0)
 }
0xec40828702d: [Map]
 - type: JS_OBJECT_TYPE
 - instance size: 48
 - inobject properties: 9
 - elements kind: HOLEY_ELEMENTS
 - unused property fields: 8
 - enum length: invalid
 - stable_map
 - back pointer: 0x0ec408286f65 <Map(HOLEY_ELEMENTS)>
 - prototype_validity cell: 0x0ec408252505 <Cell value= 0>
 - instance descriptors (own) #1: 0x0ec4080c8329 <DescriptorArray[1]>
 - prototype: 0x0ec4080c824d <Object map = 0xec408287005>
 - constructor: 0x0ec4082523fd <JSFunction Class (sfi = 0xec4082521cd)>
 - dependent code: 0x0ec4080421e9 <Other heap object (WEAK_FIXED_ARRAY_TYPE)>
 - construction counter: 6

<<<
>>> b
DebugPrint: 0xec4080c8361: [JS_OBJECT_TYPE]
 - map: 0x0ec40828702d <Map(HOLEY_ELEMENTS)> [FastProperties]
 - prototype: 0x0ec4080c824d <Object map = 0xec408287005>
 - elements: 0x0ec4080426e5 <FixedArray[0]> [HOLEY_ELEMENTS]
 - properties: 0x0ec4080426e5 <FixedArray[0]> {
    0xec40825201d: [String] in OldSpace: #x: 1 (const data field 0)
 }
0xec40828702d: [Map]
 - type: JS_OBJECT_TYPE
 - instance size: 48
 - inobject properties: 9
 - elements kind: HOLEY_ELEMENTS
 - unused property fields: 8
 - enum length: invalid
 - stable_map
 - back pointer: 0x0ec408286f65 <Map(HOLEY_ELEMENTS)>
 - prototype_validity cell: 0x0ec408252505 <Cell value= 0>
 - instance descriptors (own) #1: 0x0ec4080c8329 <DescriptorArray[1]>
 - prototype: 0x0ec4080c824d <Object map = 0xec408287005>
 - constructor: 0x0ec4082523fd <JSFunction Class (sfi = 0xec4082521cd)>
 - dependent code: 0x0ec4080421e9 <Other heap object (WEAK_FIXED_ARRAY_TYPE)>
 - construction counter: 6

<<<
>>> b1
DebugPrint: 0xec4080c8361: [JS_OBJECT_TYPE]
 - map: 0x0ec408287055 <Map(HOLEY_ELEMENTS)> [FastProperties]
 - prototype: 0x0ec4080c824d <Object map = 0xec408287005>
 - elements: 0x0ec4080426e5 <FixedArray[0]> [HOLEY_ELEMENTS]
 - properties: 0x0ec4080426e5 <FixedArray[0]> {
    0xec40825201d: [String] in OldSpace: #x: 1 (const data field 0)
    0xec4082520cd: [String] in OldSpace: #y: 10 (const data field 1)
 }
0xec408287055: [Map]
 - type: JS_OBJECT_TYPE
 - instance size: 48
 - inobject properties: 9
 - elements kind: HOLEY_ELEMENTS
 - unused property fields: 7
 - enum length: invalid
 - stable_map
 - back pointer: 0x0ec40828702d <Map(HOLEY_ELEMENTS)>
 - prototype_validity cell: 0x0ec408252505 <Cell value= 0>
 - instance descriptors (own) #2: 0x0ec4080c8391 <DescriptorArray[2]>
 - prototype: 0x0ec4080c824d <Object map = 0xec408287005>
 - constructor: 0x0ec4082523fd <JSFunction Class (sfi = 0xec4082521cd)>
 - dependent code: 0x0ec4080421e9 <Other heap object (WEAK_FIXED_ARRAY_TYPE)>
 - construction counter: 6

<<<
